Attention:
- [possibly-stale-handoff] acme-week-main: handoff possibly stale: later-record, later-activity (ids decision-0001,2)
- [uncommitted-at-session-end] acme-week-main: session ended with 2 uncommitted change(s) on branch main (ids 4)
- [contradiction] acme-week-contradiction: record outcome1 is contradicted by confirm1 (ids 5)
- [expired-claim] acme-week-claim: claim claim001 expired with no outcome recorded (ids claim001)

Where you left off:
- Group widget-suite:
  - acme-week-group-b (/home/brian/acme-week-group-b) — last activity 2026-01-07T09:00:00Z
  - acme-week-group-a (/home/brian/acme-week-group-a) — last activity 2026-01-06T09:00:00Z
- acme-week-claim (/home/brian/acme-week-claim) — last activity 2026-01-05T09:05:00Z
- acme-week-contradiction (/home/brian/acme-week-contradiction) — last activity 2026-01-04T09:10:00Z
- acme-week-main (/home/brian/acme-week-main) — last activity 2026-01-03T10:00:00Z; handoff (id handoff-0001): Resume: ship the CLI ⚠ possibly stale
- projects/vidflow (/home/brian/projects/vidflow) — last activity 2026-01-03T09:00:00Z; handoff (id handoff-vidflow): Resume: ship vidflow's feature
- projects/omarcade (/home/brian/projects/omarcade) — last activity 2026-01-03T08:00:00Z; handoff (id handoff-omarcade): Resume: ship omarcade's feature

The week:
2026-01-07 · acme-week-group-b: 1 session(s), 0 file(s) touched, 0 record(s) written
2026-01-06 · acme-week-group-a: 1 session(s), 0 file(s) touched, 0 record(s) written
2026-01-05 · acme-week-claim: 1 session(s), 0 file(s) touched, 1 record(s) written
2026-01-04 · acme-week-contradiction: 1 session(s), 0 file(s) touched, 2 record(s) written
2026-01-03 · acme-week-main: 1 session(s), 1 file(s) touched, 2 record(s) written
2026-01-03 · projects/omarcade: 1 session(s), 0 file(s) touched, 0 record(s) written
2026-01-03 · projects/vidflow: 1 session(s), 0 file(s) touched, 0 record(s) written
