{"groups":[{"group":"media","projects":["/home/brian/projects/omarcade/.git|git@github.com:example/omarcade.git"]}],"ungrouped":["/home/brian/.local/bin","workspace:/home/brian/projects"],"projects":[{"key":"/home/brian/.local/bin","display_name":"bin","group":""},{"key":"/home/brian/projects/omarcade/.git|git@github.com:example/omarcade.git","display_name":"projects/omarcade","group":"media"},{"key":"workspace:/home/brian/projects","display_name":"projects","group":""}]}
