{"groups":[{"group":"media","projects":["/home/brian/projects/omarcade/.git"]}],"ungrouped":["/home/brian/bin","workspace:/home/brian/projects"],"projects":[{"key":"/home/brian/bin","display_name":"bin","group":""},{"key":"/home/brian/projects/omarcade/.git","display_name":"projects/omarcade","group":"media"},{"key":"workspace:/home/brian/projects","display_name":"projects","group":""}]}
