{"project_key":"acme-widgets","altitude":"summary","items":[{"id":"cccc3333-0000-4000-8000-000000000003","kind":"decision","tier":"human-declared","status":"current","text":"Actually ship v1 with Go and a Rust FFI for search."},{"id":"bbbb2222-0000-4000-8000-000000000002","kind":"note","tier":"agent-declared","status":"current","text":"The recall engine walks a project's whole ledger and renders it at an altitude under a token budget, the recall_thread model PLAN.md describes: headline is one line per item, summary is a short body per item, and full is each item's complete text with no truncation at all regardless of length."},{"id":"aaaa1111-0000-4000-8000-000000000001","kind":"decision","tier":"human-declared","status":"superseded","text":"Ship v1 with Go for the CLI binary.","superseded_by":"cccc3333-0000-4000-8000-000000000003"}]}
