{"project_key":"acme-timeline","events":[{"id":1,"ts":"2026-01-01T00:00:00Z","kind":"session.start","session_id":"sess-timeline-fixture","source":"shell","payload":{}},{"id":2,"ts":"2026-01-01T00:02:00Z","kind":"tool.use","session_id":"sess-timeline-fixture","source":"shell","payload":{"path":"live.go"}},{"id":3,"ts":"2026-01-01T00:01:00Z","kind":"tool.use","session_id":"sess-timeline-fixture","source":"backfill","payload":{"path":"backfilled.go"}},{"id":4,"ts":"2026-01-01T00:03:00Z","kind":"tool.result","session_id":"sess-timeline-fixture","source":"shell","payload":{"exit_code":0}},{"id":5,"ts":"2026-01-01T00:04:00Z","kind":"session.end","session_id":"sess-timeline-fixture","source":"shell","payload":{}}]}
