{"project_key":"acme-widgets","records":[{"id":"aaaa0007-0000-4000-8000-000000000007","ts":"2026-01-01T00:06:00Z","kind":"note","tier":"agent-declared","status":"current","text":"The handoff is wrong."},{"id":"aaaa0006-0000-4000-8000-000000000006","ts":"2026-01-01T00:05:00Z","kind":"decision","tier":"human-declared","status":"current","text":"Use option B."},{"id":"aaaa0004-0000-4000-8000-000000000004","ts":"2026-01-01T00:03:00Z","kind":"handoff","tier":"agent-declared","status":"possibly-stale","text":"Resume here."},{"id":"aaaa0003-0000-4000-8000-000000000003","ts":"2026-01-01T00:02:00Z","kind":"claim","tier":"agent-declared","status":"expired","text":"Build is green."},{"id":"aaaa0001-0000-4000-8000-000000000001","ts":"2026-01-01T00:00:00Z","kind":"note","tier":"agent-declared","status":"current","text":"A current note.\nSecond line."}]}
